// Jest Snapshot v1, https://goo.gl/fbAQLP

exports[`EuiFilePicker is rendered 1`] = `
<div
  class="euiFilePicker euiFilePicker--large testClass1 testClass2"
>
  <div
    class="euiFilePicker__wrap"
  >
    <input
      aria-describedby="i358365b0-58b5-11ea-be81-ff20ffc93721_358365b1-58b5-11ea-be81-ff20ffc93721"
      aria-label="aria-label"
      class="euiFilePicker__input"
      data-test-subj="test subject string"
      type="file"
    />
    <div
      class="euiFilePicker__prompt"
      id="i358365b0-58b5-11ea-be81-ff20ffc93721_358365b1-58b5-11ea-be81-ff20ffc93721"
    >
      <div
        aria-hidden="true"
        class="euiFilePicker__icon"
        data-euiicon-type="importAction"
      />
      <div
        class="euiFilePicker__promptText"
      >
        Select or drag and drop a file
      </div>
    </div>
  </div>
</div>
`;
